2025-08-09 17:07:13 - PHP Error [2] require_once(libs/dompdf/autoload.inc.php): Failed to open stream: No such file or directory in C:\xampp\htdocs\project\cart.php:33
2025-08-09 17:16:13 - PHP Error [2] require_once(libs/dompdf/autoload.inc.php): Failed to open stream: No such file or directory in C:\xampp\htdocs\project\cart.php:57
2025-08-09 17:18:52 - PHP Error [2] require_once(libs/dompdf/autoload.inc.php): Failed to open stream: No such file or directory in C:\xampp\htdocs\project\cart.php:57
2025-08-09 17:23:17 - PHP Error [2] require_once(libs/dompdf/autoload.inc.php): Failed to open stream: No such file or directory in C:\xampp\htdocs\project\cart.php:57
2025-08-09 17:26:32 - PHP Error [2] require_once(libs/dompdf/autoload.inc.php): Failed to open stream: No such file or directory in C:\xampp\htdocs\project\cart.php:59
2025-08-09 17:26:46 - PHP Error [2] require_once(libs/dompdf/autoload.inc.php): Failed to open stream: No such file or directory in C:\xampp\htdocs\project\cart.php:59
2025-08-09 17:27:31 - PHP Error [2] require_once(libs/dompdf/autoload.inc.php): Failed to open stream: No such file or directory in C:\xampp\htdocs\project\cart.php:59
2025-08-09 17:28:32 - PHP Error [2] require_once(libs/dompdf/autoload.inc.php): Failed to open stream: No such file or directory in C:\xampp\htdocs\project\cart.php:59
2025-08-09 17:31:01 - PHP Error [2] require_once(libs/phpmailer/PHPMailer.php): Failed to open stream: No such file or directory in C:\xampp\htdocs\project\cart.php:59
2025-08-09 17:32:02 - PHP Error [2] require_once(libs/dompdf/autoload.inc.php): Failed to open stream: No such file or directory in C:\xampp\htdocs\project\cart.php:59
2025-08-09 17:43:53 - PHP Error [2] require_once(libs/dompdf/autoload.inc.php): Failed to open stream: No such file or directory in C:\xampp\htdocs\project\cart.php:59
2025-08-09 18:11:59 - Checkout processing error: Prepare failed: Table 'resturent.order' doesn't exist
2025-08-09 18:13:05 - Checkout processing error: Insert order failed: Incorrect integer value: '[{\"name\":\"Pittu\",\"price\":150,\"quantity\":1}]' for column 'items' at row 1
2025-08-12 23:30:15 - Insert failed: Field 'orderID' doesn't have a default value
2025-08-13 11:13:12 - Checkout processing error: Email sending failed: SMTP Error: Could not connect to SMTP host. Failed to connect to server
2025-08-13 11:25:42 - Checkout processing error: Email sending failed: SMTP Error: Could not connect to SMTP host. Failed to connect to server
2025-08-16 09:37:41 - Checkout processing error: Email sending failed: SMTP Error: Could not connect to SMTP host. Failed to connect to server
2026-01-12 13:08:33 - Checkout processing error: Email sending failed: SMTP Error: Could not connect to SMTP host. Failed to connect to server
2026-01-12 13:08:54 - Checkout processing error: Email sending failed: SMTP Error: Could not connect to SMTP host. Failed to connect to server
2026-01-12 13:09:16 - Checkout processing error: Email sending failed: SMTP Error: Could not connect to SMTP host. Failed to connect to server
2026-01-12 13:09:37 - Checkout processing error: Email sending failed: SMTP Error: Could not connect to SMTP host. Failed to connect to server
2026-01-12 13:09:58 - Checkout processing error: Email sending failed: SMTP Error: Could not connect to SMTP host. Failed to connect to server
